// Jest Snapshot v1, https://goo.gl/fbAQLP

exports[`Button Component should match snapshot 1`] = `
<button
  className="Button DarkTheme"
  type="button"
>
  <span>
    Login
  </span>
</button>
`;
