// Jest Snapshot v1, https://goo.gl/fbAQLP

exports[`CardRowData Component should match snapshot 1`] = `
<p
  className="Row DarkTheme"
>
  <span
    className="Row__DataLabel"
  >
    Firstname: 
  </span>
  <span
    className="Row__DataValue"
  >
    Martin
  </span>
</p>
`;
